error encountered while running test at 2:4-2:18: arithmetic expected number, recieved: true
nil
