1
2
failed test at 10:4-10:38: the left and right sides were not `equal` (1 and 2)
1
2
3
failed test at 11:4-12:62: the explanation and right side were not `equal` (3 and 2)
failed test at 11:4-12:62: the left and right sides were not `equal` (1 and 2)
check block: 0/2 tests passed
nil
