failed test at 9:4-9:16: the left and right sides were not `==` ((1,) and (1,))
check block: 7/8 tests passed
nil
