check block: 12/12 tests passed
error encountered while running test at 62:0-62:37: attempted to destructure non-tuple value: 2
check block: 2/2 tests passed
true
