failed test at 10:4-10:28: the explanation and right side were not `equal` (() and -3)
failed test at 10:4-10:28: the left and right sides were not `equal` (120 and -3)
check block: 3/4 tests passed
nil
