check block: 2/2 tests passed
failed test at 14:4-14:28: the explanation and right side were not `equal` (() and -3)
failed test at 14:4-14:28: the left and right sides were not `equal` (120 and -3)
check block: 1/2 tests passed
nil
